container: matroska,webm
duration_secs: Some(3076.832000)
format_bitrate_bps: Some(10763507)
size_bytes: Some(4139687987)
title: None
chapter_count: 0
data_stream_count: 0
unindexed_stream_count: 0
other_stream_count: 0
video_count: 1
audio_count: 1
subtitle_count: 61
attachment_count: 0
video index=0 codec=h264 size=Some(1920)xSome(800) bitrate=None pix_fmt=Some("yuv420p") profile=Some("high") tag=Some("[0][0][0][0]") level=Some(40) bits_per_raw_sample=Some(8) r_fps=Some(23.976024) avg_fps=Some(23.976024) range=Some("tv") transfer=Some("bt709") primaries=Some("bt709") space=Some("bt709") attached_pic=false
audio index=1 codec=eac3 channels=Some(6) layout=Some("5.1(side)") sample_rate=Some(48000) lang=Some("eng") bitrate=Some(768000) profile=None default=true forced=false
subtitle index=2 codec=subrip lang=Some("cze") default=false forced=true hearing_impaired=false bitmap=false
subtitle index=3 codec=subrip lang=Some("ger") default=false forced=true hearing_impaired=false bitmap=false
subtitle index=4 codec=subrip lang=Some("spa") default=false forced=true hearing_impaired=false bitmap=false
subtitle index=5 codec=subrip lang=Some("spa") default=false forced=true hearing_impaired=false bitmap=false
subtitle index=6 codec=subrip lang=Some("fre") default=false forced=true hearing_impaired=false bitmap=false
subtitle index=7 codec=subrip lang=Some("fre") default=false forced=true hearing_impaired=false bitmap=false
subtitle index=8 codec=subrip lang=Some("heb") default=false forced=true hearing_impaired=false bitmap=false
subtitle index=9 codec=subrip lang=Some("hin") default=false forced=true hearing_impaired=false bitmap=false
subtitle index=10 codec=subrip lang=Some("hun") default=false forced=true hearing_impaired=false bitmap=false
subtitle index=11 codec=subrip lang=Some("ita") default=false forced=true hearing_impaired=false bitmap=false
subtitle index=12 codec=subrip lang=Some("jpn") default=false forced=true hearing_impaired=false bitmap=false
subtitle index=13 codec=subrip lang=Some("kor") default=false forced=true hearing_impaired=false bitmap=false
subtitle index=14 codec=subrip lang=Some("por") default=false forced=true hearing_impaired=false bitmap=false
subtitle index=15 codec=subrip lang=Some("rus") default=false forced=true hearing_impaired=false bitmap=false
subtitle index=16 codec=subrip lang=Some("slo") default=false forced=true hearing_impaired=false bitmap=false
subtitle index=17 codec=subrip lang=Some("tam") default=false forced=true hearing_impaired=false bitmap=false
subtitle index=18 codec=subrip lang=Some("tel") default=false forced=true hearing_impaired=false bitmap=false
subtitle index=19 codec=subrip lang=Some("tha") default=false forced=true hearing_impaired=false bitmap=false
subtitle index=20 codec=subrip lang=Some("tur") default=false forced=true hearing_impaired=false bitmap=false
subtitle index=21 codec=subrip lang=Some("ukr") default=false forced=true hearing_impaired=false bitmap=false
subtitle index=22 codec=subrip lang=Some("ara") default=false forced=false hearing_impaired=false bitmap=false
subtitle index=23 codec=subrip lang=Some("bul") default=false forced=false hearing_impaired=false bitmap=false
subtitle index=24 codec=subrip lang=None default=false forced=false hearing_impaired=false bitmap=false
subtitle index=25 codec=subrip lang=None default=false forced=false hearing_impaired=false bitmap=false
subtitle index=26 codec=subrip lang=Some("cze") default=false forced=false hearing_impaired=false bitmap=false
subtitle index=27 codec=subrip lang=Some("dan") default=false forced=false hearing_impaired=false bitmap=false
subtitle index=28 codec=subrip lang=Some("ger") default=false forced=false hearing_impaired=false bitmap=false
subtitle index=29 codec=subrip lang=Some("gre") default=false forced=false hearing_impaired=false bitmap=false
subtitle index=30 codec=subrip lang=Some("eng") default=false forced=false hearing_impaired=false bitmap=false
subtitle index=31 codec=subrip lang=Some("spa") default=false forced=false hearing_impaired=false bitmap=false
subtitle index=32 codec=subrip lang=Some("spa") default=false forced=false hearing_impaired=false bitmap=false
subtitle index=33 codec=subrip lang=Some("est") default=false forced=false hearing_impaired=false bitmap=false
subtitle index=34 codec=subrip lang=Some("fin") default=false forced=false hearing_impaired=false bitmap=false
subtitle index=35 codec=subrip lang=Some("fre") default=false forced=false hearing_impaired=false bitmap=false
subtitle index=36 codec=subrip lang=Some("fre") default=false forced=false hearing_impaired=false bitmap=false
subtitle index=37 codec=subrip lang=Some("heb") default=false forced=false hearing_impaired=false bitmap=false
subtitle index=38 codec=subrip lang=Some("hin") default=false forced=false hearing_impaired=false bitmap=false
subtitle index=39 codec=subrip lang=Some("hun") default=false forced=false hearing_impaired=false bitmap=false
subtitle index=40 codec=subrip lang=Some("ind") default=false forced=false hearing_impaired=false bitmap=false
subtitle index=41 codec=subrip lang=Some("ita") default=false forced=false hearing_impaired=false bitmap=false
subtitle index=42 codec=subrip lang=Some("jpn") default=false forced=false hearing_impaired=false bitmap=false
subtitle index=43 codec=subrip lang=Some("kor") default=false forced=false hearing_impaired=false bitmap=false
subtitle index=44 codec=subrip lang=Some("lit") default=false forced=false hearing_impaired=false bitmap=false
subtitle index=45 codec=subrip lang=Some("lav") default=false forced=false hearing_impaired=false bitmap=false
subtitle index=46 codec=subrip lang=Some("may") default=false forced=false hearing_impaired=false bitmap=false
subtitle index=47 codec=subrip lang=Some("dut") default=false forced=false hearing_impaired=false bitmap=false
subtitle index=48 codec=subrip lang=Some("nor") default=false forced=false hearing_impaired=false bitmap=false
subtitle index=49 codec=subrip lang=Some("pol") default=false forced=false hearing_impaired=false bitmap=false
subtitle index=50 codec=subrip lang=Some("por") default=false forced=false hearing_impaired=false bitmap=false
subtitle index=51 codec=subrip lang=Some("por") default=false forced=false hearing_impaired=false bitmap=false
subtitle index=52 codec=subrip lang=Some("rus") default=false forced=false hearing_impaired=false bitmap=false
subtitle index=53 codec=subrip lang=Some("slo") default=false forced=false hearing_impaired=false bitmap=false
subtitle index=54 codec=subrip lang=Some("slv") default=false forced=false hearing_impaired=false bitmap=false
subtitle index=55 codec=subrip lang=Some("swe") default=false forced=false hearing_impaired=false bitmap=false
subtitle index=56 codec=subrip lang=Some("tam") default=false forced=false hearing_impaired=false bitmap=false
subtitle index=57 codec=subrip lang=Some("tel") default=false forced=false hearing_impaired=false bitmap=false
subtitle index=58 codec=subrip lang=Some("tha") default=false forced=false hearing_impaired=false bitmap=false
subtitle index=59 codec=subrip lang=Some("tur") default=false forced=false hearing_impaired=false bitmap=false
subtitle index=60 codec=subrip lang=Some("ukr") default=false forced=false hearing_impaired=false bitmap=false
subtitle index=61 codec=subrip lang=Some("vie") default=false forced=false hearing_impaired=false bitmap=false
subtitle index=62 codec=subrip lang=None default=false forced=false hearing_impaired=false bitmap=false
